
COLLECT 2026-06-20T09:23:47.678Z
1/24 centre→tichy 18.5km C 505-605 / Cf 765-865
2/24 centre→oued_ghir 12.0km C 370-462 / Cf 561-661
3/24 aamriw→oued_ghir 11.1km C 371-463 / Cf 561-661
4/24 universite→oued_ghir 11.5km C 397-495 / Cf 609-709
5/24 centre→boukhelifa 16.9km C 482-582 / Cf 733-833
6/24 gare→tala_hamza 5.4km C 232-290 / Cf 334-416
7/24 brise_mer→tichy 19.2km C 545-645 / Cf 824-924
8/24 port→tichy 19.0km C 491-591 / Cf 745-845
9/24 aeroport→tichy 15.9km C 445-545 / Cf 679-779
10/24 aamriw→tichy 18.0km C 509-609 / Cf 772-872
11/24 gare→el_kseur 31.7km C 707-807 / Cf 1055-1155
12/24 centre→el_kseur 35.0km C 800-900 / Cf 1190-1290
13/24 aeroport→el_kseur 33.9km C 782-882 / Cf 1164-1264
14/24 centre→amizour 24.4km C 773-873 / Cf 1149-1249
15/24 centre→aokas 27.6km C 732-832 / Cf 1092-1192
16/24 tichy→aokas 9.2km C 303-378 / Cf 438-538
17/24 gare→aokas 24.2km C 637-737 / Cf 955-1055
18/24 centre→souk_tenine 35.8km C 914-1014 / Cf 1352-1452
19/24 centre→sidi_aich 45.2km C 1132-1232 / Cf 1665-1765
20/24 el_kseur→amizour 13.6km C 436-536 / Cf 669-769
21/24 centre→kherrata 59.1km C 1543-1643 / Cf 2261-2361
22/24 centre→seddouk 58.6km C 1879-1979 / Cf 2732-2832
23/24 centre→tazmalt 86.0km —
24/24 centre→akbou 68.4km —
done got 22
